==> app/middlewares/require_secret.go
package middlewares

import (
	"crypto/subtle"
	"net/http"

	"github.com/gin-gonic/gin"
)

// SecretHeader carries the shared secret on the routes the Rails app calls.
const SecretHeader = "X-Blog-Secret"

// RequireSecret guards routes for a trusted caller: the Rails app next door,
// over the private network. This is a shared secret, not a user credential.
// Anything that needs to know WHICH person is acting carries that in the
// request body, because the permission check already happened in Rails.
//
// The secret comes from config (blog.control_secret in the credentials file,
// BLOG_CONTROL_SECRET in the environment); an empty one opens nothing.
func RequireSecret(secret string) gin.HandlerFunc {
	want := []byte(secret)
	return func(c *gin.Context) {
		got := []byte(c.GetHeader(SecretHeader))

		// Basic auth as a fallback, so a page can be opened in a browser,
		// which cannot send a custom header. Any username; the password is
		// the secret.
		if len(got) == 0 {
			if _, password, ok := c.Request.BasicAuth(); ok {
				got = []byte(password)
			}
		}

		// Constant time, and length-checked first so the compare cannot be
		// short-circuited by a differing length.
		if len(want) == 0 || len(got) != len(want) || subtle.ConstantTimeCompare(got, want) != 1 {
			// Prompt rather than a bare 401, so a browser offers a login box
			// instead of a blank page.
			c.Header("WWW-Authenticate", `Basic realm="blog", charset="UTF-8"`)
			c.AbortWithStatus(http.StatusUnauthorized)
			return
		}
		c.Next()
	}
}
==> app/middlewares/require_secret_test.go
package middlewares

import (
	"net/http"
	"net/http/httptest"
	"testing"

	"github.com/gin-gonic/gin"
)

func secretRequest(t *testing.T, secret string, set func(*http.Request)) int {
	t.Helper()
	gin.SetMode(gin.TestMode)
	router := gin.New()
	router.GET("/guarded", RequireSecret(secret), func(c *gin.Context) { c.Status(http.StatusOK) })
	req := httptest.NewRequest(http.MethodGet, "/guarded", nil)
	set(req)
	rec := httptest.NewRecorder()
	router.ServeHTTP(rec, req)
	return rec.Code
}

func TestRequireSecret(t *testing.T) {
	const secret = "a-secret-that-is-at-least-thirty-two-bytes"
	cases := map[string]struct {
		configured string
		set        func(*http.Request)
		want       int
	}{
		"the header opens":              {secret, func(r *http.Request) { r.Header.Set(SecretHeader, secret) }, http.StatusOK},
		"basic auth opens":              {secret, func(r *http.Request) { r.SetBasicAuth("anyone", secret) }, http.StatusOK},
		"nothing is refused":            {secret, func(*http.Request) {}, http.StatusUnauthorized},
		"a wrong secret is refused":     {secret, func(r *http.Request) { r.Header.Set(SecretHeader, "nope") }, http.StatusUnauthorized},
		"a prefix is refused":           {secret, func(r *http.Request) { r.Header.Set(SecretHeader, secret[:10]) }, http.StatusUnauthorized},
		"an empty secret opens nothing": {"", func(r *http.Request) { r.Header.Set(SecretHeader, "") }, http.StatusUnauthorized},
	}
	for name, tc := range cases {
		if got := secretRequest(t, tc.configured, tc.set); got != tc.want {
			t.Errorf("%s: %d, want %d", name, got, tc.want)
		}
	}
}
==> app/controllers/authentication_secret.go
package controllers

import (
	"github.com/gin-gonic/gin"

	"example.com/blog/app/middlewares"
)

// WithSecret is the route group the Rails app calls. Every route mounted in
// it needs the shared secret from config (blog.control_secret in the credentials
// file, BLOG_CONTROL_SECRET in the environment) in the X-Blog-Secret header. Mount a
// controller here instead of on the router, in routes.go:
//
//	s.Reports.SetupRoutes(s.WithSecret(&r.RouterGroup))
//
// On the Rails side, one header on the client:
//
//	Faraday.new(url: ENV["BLOG_URL"], headers: { "X-Blog-Secret" => Rails.application.credentials.blog_secret })
func (s *Server) WithSecret(r *gin.RouterGroup) *gin.RouterGroup {
	return r.Group("", middlewares.RequireSecret(s.Config.App.ControlSecret))
}
